// Jest Snapshot v1, https://goo.gl/fbAQLP

exports[`ConfigurableRESTDataSource calls configuredGET with expected args 1`] = `
Array [
  "https://test.url",
  URLSearchParams {
    Symbol(query): Array [
      "param1",
      "mock arg 1",
      "param2",
      "22",
      "param3",
      "{\\"param4\\":\\"mock arg 2\\",\\"param5\\":33}",
    ],
    Symbol(context): null,
  },
  Object {
    "cacheOptions": Object {
      "ttl": 5,
    },
    "headers": Headers {
      Symbol(map): Object {
        "header1": Array [
          "mock arg 1",
        ],
        "header2": Array [
          "h2",
        ],
      },
    },
  },
]
`;
