// Jest Snapshot v1, https://goo.gl/fbAQLP

exports[`ConfigurableRESTDataSource datasource with search params calls configuredDELETE with expected args 1`] = `"https://test.url/mock-arg-1/mock-arg-2/default-argument"`;

exports[`ConfigurableRESTDataSource datasource with search params calls configuredGET with expected args 1`] = `"https://test.url/mock-arg-1/mock-arg-2/default-argument"`;

exports[`ConfigurableRESTDataSource datasource with search params calls configuredPATCH with expected args 1`] = `"https://test.url/mock-arg-1/mock-arg-2/default-argument?param1=mock-arg-1&param2=22&param3=%7B%22param31%22%3A%22mock-arg-2%22%2C%22param32%22%3A33%7D"`;

exports[`ConfigurableRESTDataSource datasource with search params calls configuredPOST with expected args 1`] = `"https://test.url/mock-arg-1/mock-arg-2/default-argument?param1=mock-arg-1&param2=22&param3=%7B%22param31%22%3A%22mock-arg-2%22%2C%22param32%22%3A33%7D"`;

exports[`ConfigurableRESTDataSource datasource with search params calls configuredPUT with expected args 1`] = `"https://test.url/mock-arg-1/mock-arg-2/default-argument?param1=mock-arg-1&param2=22&param3=%7B%22param31%22%3A%22mock-arg-2%22%2C%22param32%22%3A33%7D"`;

exports[`ConfigurableRESTDataSource datasource with search params removes search params and headers when the corresponding arguments are not available 1`] = `"https://test.url/$arg1/mock-arg-2/default-argument"`;

exports[`ConfigurableRESTDataSource datasource with search params removes search params when the corresponding arguments are not available 1`] = `"https://test.url/$arg1/mock-arg-2/default-argument"`;

exports[`ConfigurableRESTDataSource datasource without search params calls configuredDELETE with expected args 1`] = `"https://test.url/mock-arg-1/mock-arg-2/default-argument"`;

exports[`ConfigurableRESTDataSource datasource without search params calls configuredGET with expected args 1`] = `"https://test.url/mock-arg-1/mock-arg-2/default-argument"`;

exports[`ConfigurableRESTDataSource datasource without search params calls configuredPATCH with expected args 1`] = `"https://test.url/mock-arg-1/mock-arg-2/default-argument"`;

exports[`ConfigurableRESTDataSource datasource without search params calls configuredPOST with expected args 1`] = `"https://test.url/mock-arg-1/mock-arg-2/default-argument"`;

exports[`ConfigurableRESTDataSource datasource without search params calls configuredPUT with expected args 1`] = `"https://test.url/mock-arg-1/mock-arg-2/default-argument"`;
